// Jest Snapshot v1, https://goo.gl/fbAQLP

exports[`Expense List Render Correctly 1`] = `
<div>
  <NavLink
    activeClassName="active"
    aria-current="page"
    to="/edit/undefined"
  >
    <h1 />
  </NavLink>
  <p>
    $0.00
     ----
    January 1st, 1970
  </p>
</div>
`;

exports[`Expense List Render Correctly 2`] = `
<div>
  <NavLink
    activeClassName="active"
    aria-current="page"
    to="/edit/undefined"
  >
    <h1 />
  </NavLink>
  <p>
    $0.00
     ----
    January 1st, 1970
  </p>
</div>
`;
